e:\study\codes\bochs\boch\boch\boch\x64\debug_verify\vc143.pdb
e:\study\codes\bochs\boch\boch\boch\x64\debug_verify\vc143.idb
e:\study\codes\bochs\boch\boch\boch\x64\debug_verify\misc_mem.obj
e:\study\codes\bochs\boch\boch\boch\x64\debug_verify\memory_stub.obj
e:\study\codes\bochs\boch\boch\boch\x64\debug_verify\main.obj
e:\study\codes\bochs\boch\boch\boch\x64\debug_verify\jmp_far.obj
e:\study\codes\bochs\boch\boch\boch\x64\debug_verify\init.obj
e:\study\codes\bochs\boch\boch\boch\x64\debug_verify\icache.obj
e:\study\codes\bochs\boch\boch\boch\x64\debug_verify\fetchdecode_opmap_evex.obj
e:\study\codes\bochs\boch\boch\boch\x64\debug_verify\fetchdecode_opmap_avx.obj
e:\study\codes\bochs\boch\boch\boch\x64\debug_verify\fetchdecode_opmap_0f38.obj
e:\study\codes\bochs\boch\boch\boch\x64\debug_verify\fetchdecode64.obj
e:\study\codes\bochs\boch\boch\boch\x64\debug_verify\fetchdecode32.obj
e:\study\codes\bochs\boch\boch\boch\x64\debug_verify\fetchdecode_opmap_xop.obj
e:\study\codes\bochs\boch\boch\boch\x64\debug_verify\exception.obj
e:\study\codes\bochs\boch\boch\boch\x64\debug_verify\disasm.obj
e:\study\codes\bochs\boch\boch\boch\x64\debug_verify\devices.obj
e:\study\codes\bochs\boch\boch\boch\x64\debug_verify\dbg_main.obj
e:\study\codes\bochs\boch\boch\boch\x64\debug_verify\ctrl_xfer32.obj
e:\study\codes\bochs\boch\boch\boch\x64\debug_verify\crregs.obj
e:\study\codes\bochs\boch\boch\boch\x64\debug_verify\cpuid.obj
e:\study\codes\bochs\boch\boch\boch\x64\debug_verify\cpu.obj
e:\study\codes\bochs\boch\boch\boch\x64\debug_verify\fetchdecode_opmap_0f3a.obj
e:\study\codes\bochs\boch\boch\boch\x64\debug_verify\xsave.obj
e:\study\codes\bochs\boch\boch\boch\x64\debug_verify\vmx.obj
e:\study\codes\bochs\boch\boch\boch\x64\debug_verify\vmcs.obj
e:\study\codes\bochs\boch\boch\boch\x64\debug_verify\unmapped.obj
e:\study\codes\bochs\boch\boch\boch\x64\debug_verify\smm.obj
e:\study\codes\bochs\boch\boch\boch\x64\debug_verify\siminterface.obj
e:\study\codes\bochs\boch\boch\boch\x64\debug_verify\segment_ctrl_pro.obj
e:\study\codes\bochs\boch\boch\boch\x64\debug_verify\proc_ctrl.obj
e:\study\codes\bochs\boch\boch\boch\x64\debug_verify\plugin.obj
e:\study\codes\bochs\boch\boch\boch\x64\debug_verify\pc_system.obj
e:\study\codes\bochs\boch\boch\boch\x64\debug_verify\pci.obj
e:\study\codes\bochs\boch\boch\boch\x64\debug_verify\paramtree.obj
e:\study\codes\bochs\boch\boch\boch\x64\debug_verify\paging.obj
e:\study\codes\bochs\boch\boch\boch\x64\debug_verify\myinst.obj
e:\study\codes\bochs\boch\boch\boch\x64\debug_verify\mwait.obj
e:\study\codes\bochs\boch\boch\boch\x64\debug_verify\msr.obj
e:\study\codes\bochs\boch\x64\debug_verify\boch.exe
e:\study\codes\bochs\boch\x64\debug_verify\boch.pdb
e:\study\codes\bochs\boch\boch\boch\x64\debug_verify\boch.ilk
e:\study\codes\bochs\boch\x64\debug_verify\\boch.pdb
e:\study\codes\bochs\boch\boch\boch\x64\debug_verify\boch.tlog\cl.command.1.tlog
e:\study\codes\bochs\boch\boch\boch\x64\debug_verify\boch.tlog\cl.items.tlog
e:\study\codes\bochs\boch\boch\boch\x64\debug_verify\boch.tlog\cl.read.1.tlog
e:\study\codes\bochs\boch\boch\boch\x64\debug_verify\boch.tlog\cl.write.1.tlog
e:\study\codes\bochs\boch\boch\boch\x64\debug_verify\boch.tlog\link.command.1.tlog
e:\study\codes\bochs\boch\boch\boch\x64\debug_verify\boch.tlog\link.read.1.tlog
e:\study\codes\bochs\boch\boch\boch\x64\debug_verify\boch.tlog\link.secondary.1.tlog
e:\study\codes\bochs\boch\boch\boch\x64\debug_verify\boch.tlog\link.write.1.tlog
