  apic.cc
E:\Study\codes\bochs\boch\boch\cpu.h(1,1): warning C4819: 该文件包含不能在当前代码页(936)中表示的字符。请将该文件保存为 Unicode 格式以防止数据丢失
  (编译源文件“apic.cc”)
  
E:\Study\codes\bochs\boch\boch\cpu.h(851,1): warning C4819: 该文件包含不能在当前代码页(936)中表示的字符。请将该文件保存为 Unicode 格式以防止数据丢失
  (编译源文件“apic.cc”)
  
E:\Study\codes\bochs\boch\boch\cpu.h(3979,1): warning C4819: 该文件包含不能在当前代码页(936)中表示的字符。请将该文件保存为 Unicode 格式以防止数据丢失
  (编译源文件“apic.cc”)
  
E:\Study\codes\bochs\boch\boch\cpu.h(4370,1): warning C4819: 该文件包含不能在当前代码页(936)中表示的字符。请将该文件保存为 Unicode 格式以防止数据丢失
  (编译源文件“apic.cc”)
  
E:\Study\codes\bochs\boch\boch\cpu.h(5011,1): warning C4819: 该文件包含不能在当前代码页(936)中表示的字符。请将该文件保存为 Unicode 格式以防止数据丢失
  (编译源文件“apic.cc”)
  
E:\Study\codes\bochs\boch\boch\iodev.h(56,1): warning C4010: 单行注释包含行继续符
  (编译源文件“apic.cc”)
  
E:\Study\codes\bochs\boch\boch\iodev.h(57,1): warning C4010: 单行注释包含行继续符
  (编译源文件“apic.cc”)
  
E:\Study\codes\bochs\boch\boch\iodev.h(58,1): warning C4010: 单行注释包含行继续符
  (编译源文件“apic.cc”)
  
E:\Study\codes\bochs\boch\boch\iodev.h(59,1): warning C4010: 单行注释包含行继续符
  (编译源文件“apic.cc”)
  
E:\Study\codes\bochs\boch\boch\iodev.h(60,1): warning C4010: 单行注释包含行继续符
  (编译源文件“apic.cc”)
  
E:\Study\codes\bochs\boch\boch\iodev.h(61,1): warning C4010: 单行注释包含行继续符
  (编译源文件“apic.cc”)
  
E:\Study\codes\bochs\boch\boch\iodev.h(64,1): warning C4010: 单行注释包含行继续符
  (编译源文件“apic.cc”)
  
E:\Study\codes\bochs\boch\boch\iodev.h(65,1): warning C4010: 单行注释包含行继续符
  (编译源文件“apic.cc”)
  
E:\Study\codes\bochs\boch\boch\iodev.h(66,1): warning C4010: 单行注释包含行继续符
  (编译源文件“apic.cc”)
  
E:\Study\codes\bochs\boch\boch\iodev.h(67,1): warning C4010: 单行注释包含行继续符
  (编译源文件“apic.cc”)
  
E:\Study\codes\bochs\boch\boch\iodev.h(68,1): warning C4010: 单行注释包含行继续符
  (编译源文件“apic.cc”)
  
E:\Study\codes\bochs\boch\boch\iodev.h(69,1): warning C4010: 单行注释包含行继续符
  (编译源文件“apic.cc”)
  
E:\Study\codes\bochs\boch\boch\apic.cc(1132,43): warning C4244: “return”: 从“Bit64u”转换到“Bit32u”，可能丢失数据
  biosdev.cc
E:\Study\codes\bochs\boch\boch\iodev.h(56,1): warning C4010: 单行注释包含行继续符
  (编译源文件“biosdev.cc”)
  
E:\Study\codes\bochs\boch\boch\iodev.h(57,1): warning C4010: 单行注释包含行继续符
  (编译源文件“biosdev.cc”)
  
E:\Study\codes\bochs\boch\boch\iodev.h(58,1): warning C4010: 单行注释包含行继续符
  (编译源文件“biosdev.cc”)
  
E:\Study\codes\bochs\boch\boch\iodev.h(59,1): warning C4010: 单行注释包含行继续符
  (编译源文件“biosdev.cc”)
  
E:\Study\codes\bochs\boch\boch\iodev.h(60,1): warning C4010: 单行注释包含行继续符
  (编译源文件“biosdev.cc”)
  
E:\Study\codes\bochs\boch\boch\iodev.h(61,1): warning C4010: 单行注释包含行继续符
  (编译源文件“biosdev.cc”)
  
E:\Study\codes\bochs\boch\boch\iodev.h(64,1): warning C4010: 单行注释包含行继续符
  (编译源文件“biosdev.cc”)
  
E:\Study\codes\bochs\boch\boch\iodev.h(65,1): warning C4010: 单行注释包含行继续符
  (编译源文件“biosdev.cc”)
  
E:\Study\codes\bochs\boch\boch\iodev.h(66,1): warning C4010: 单行注释包含行继续符
  (编译源文件“biosdev.cc”)
  
E:\Study\codes\bochs\boch\boch\iodev.h(67,1): warning C4010: 单行注释包含行继续符
  (编译源文件“biosdev.cc”)
  
E:\Study\codes\bochs\boch\boch\iodev.h(68,1): warning C4010: 单行注释包含行继续符
  (编译源文件“biosdev.cc”)
  
E:\Study\codes\bochs\boch\boch\iodev.h(69,1): warning C4010: 单行注释包含行继续符
  (编译源文件“biosdev.cc”)
  
  coms.cc
E:\Study\codes\bochs\boch\boch\iodev.h(56,1): warning C4010: 单行注释包含行继续符
  (编译源文件“coms.cc”)
  
E:\Study\codes\bochs\boch\boch\iodev.h(57,1): warning C4010: 单行注释包含行继续符
  (编译源文件“coms.cc”)
  
E:\Study\codes\bochs\boch\boch\iodev.h(58,1): warning C4010: 单行注释包含行继续符
  (编译源文件“coms.cc”)
  
E:\Study\codes\bochs\boch\boch\iodev.h(59,1): warning C4010: 单行注释包含行继续符
  (编译源文件“coms.cc”)
  
E:\Study\codes\bochs\boch\boch\iodev.h(60,1): warning C4010: 单行注释包含行继续符
  (编译源文件“coms.cc”)
  
E:\Study\codes\bochs\boch\boch\iodev.h(61,1): warning C4010: 单行注释包含行继续符
  (编译源文件“coms.cc”)
  
E:\Study\codes\bochs\boch\boch\iodev.h(64,1): warning C4010: 单行注释包含行继续符
  (编译源文件“coms.cc”)
  
E:\Study\codes\bochs\boch\boch\iodev.h(65,1): warning C4010: 单行注释包含行继续符
  (编译源文件“coms.cc”)
  
E:\Study\codes\bochs\boch\boch\iodev.h(66,1): warning C4010: 单行注释包含行继续符
  (编译源文件“coms.cc”)
  
E:\Study\codes\bochs\boch\boch\iodev.h(67,1): warning C4010: 单行注释包含行继续符
  (编译源文件“coms.cc”)
  
E:\Study\codes\bochs\boch\boch\iodev.h(68,1): warning C4010: 单行注释包含行继续符
  (编译源文件“coms.cc”)
  
E:\Study\codes\bochs\boch\boch\iodev.h(69,1): warning C4010: 单行注释包含行继续符
  (编译源文件“coms.cc”)
  
  dbg_main.cc
E:\Study\codes\bochs\boch\boch\cpu.h(1,1): warning C4819: 该文件包含不能在当前代码页(936)中表示的字符。请将该文件保存为 Unicode 格式以防止数据丢失
  (编译源文件“dbg_main.cc”)
  
E:\Study\codes\bochs\boch\boch\cpu.h(851,1): warning C4819: 该文件包含不能在当前代码页(936)中表示的字符。请将该文件保存为 Unicode 格式以防止数据丢失
  (编译源文件“dbg_main.cc”)
  
E:\Study\codes\bochs\boch\boch\cpu.h(3979,1): warning C4819: 该文件包含不能在当前代码页(936)中表示的字符。请将该文件保存为 Unicode 格式以防止数据丢失
  (编译源文件“dbg_main.cc”)
  
E:\Study\codes\bochs\boch\boch\cpu.h(4370,1): warning C4819: 该文件包含不能在当前代码页(936)中表示的字符。请将该文件保存为 Unicode 格式以防止数据丢失
  (编译源文件“dbg_main.cc”)
  
E:\Study\codes\bochs\boch\boch\cpu.h(5011,1): warning C4819: 该文件包含不能在当前代码页(936)中表示的字符。请将该文件保存为 Unicode 格式以防止数据丢失
  (编译源文件“dbg_main.cc”)
  
E:\Study\codes\bochs\boch\boch\iodev.h(56,1): warning C4010: 单行注释包含行继续符
  (编译源文件“dbg_main.cc”)
  
E:\Study\codes\bochs\boch\boch\iodev.h(57,1): warning C4010: 单行注释包含行继续符
  (编译源文件“dbg_main.cc”)
  
E:\Study\codes\bochs\boch\boch\iodev.h(58,1): warning C4010: 单行注释包含行继续符
  (编译源文件“dbg_main.cc”)
  
E:\Study\codes\bochs\boch\boch\iodev.h(59,1): warning C4010: 单行注释包含行继续符
  (编译源文件“dbg_main.cc”)
  
E:\Study\codes\bochs\boch\boch\iodev.h(60,1): warning C4010: 单行注释包含行继续符
  (编译源文件“dbg_main.cc”)
  
E:\Study\codes\bochs\boch\boch\iodev.h(61,1): warning C4010: 单行注释包含行继续符
  (编译源文件“dbg_main.cc”)
  
E:\Study\codes\bochs\boch\boch\iodev.h(64,1): warning C4010: 单行注释包含行继续符
  (编译源文件“dbg_main.cc”)
  
E:\Study\codes\bochs\boch\boch\iodev.h(65,1): warning C4010: 单行注释包含行继续符
  (编译源文件“dbg_main.cc”)
  
E:\Study\codes\bochs\boch\boch\iodev.h(66,1): warning C4010: 单行注释包含行继续符
  (编译源文件“dbg_main.cc”)
  
E:\Study\codes\bochs\boch\boch\iodev.h(67,1): warning C4010: 单行注释包含行继续符
  (编译源文件“dbg_main.cc”)
  
E:\Study\codes\bochs\boch\boch\iodev.h(68,1): warning C4010: 单行注释包含行继续符
  (编译源文件“dbg_main.cc”)
  
E:\Study\codes\bochs\boch\boch\iodev.h(69,1): warning C4010: 单行注释包含行继续符
  (编译源文件“dbg_main.cc”)
  
  devices.cc
E:\Study\codes\bochs\boch\boch\iodev.h(56,1): warning C4010: 单行注释包含行继续符
  (编译源文件“devices.cc”)
  
E:\Study\codes\bochs\boch\boch\iodev.h(57,1): warning C4010: 单行注释包含行继续符
  (编译源文件“devices.cc”)
  
E:\Study\codes\bochs\boch\boch\iodev.h(58,1): warning C4010: 单行注释包含行继续符
  (编译源文件“devices.cc”)
  
E:\Study\codes\bochs\boch\boch\iodev.h(59,1): warning C4010: 单行注释包含行继续符
  (编译源文件“devices.cc”)
  
E:\Study\codes\bochs\boch\boch\iodev.h(60,1): warning C4010: 单行注释包含行继续符
  (编译源文件“devices.cc”)
  
E:\Study\codes\bochs\boch\boch\iodev.h(61,1): warning C4010: 单行注释包含行继续符
  (编译源文件“devices.cc”)
  
E:\Study\codes\bochs\boch\boch\iodev.h(64,1): warning C4010: 单行注释包含行继续符
  (编译源文件“devices.cc”)
  
E:\Study\codes\bochs\boch\boch\iodev.h(65,1): warning C4010: 单行注释包含行继续符
  (编译源文件“devices.cc”)
  
E:\Study\codes\bochs\boch\boch\iodev.h(66,1): warning C4010: 单行注释包含行继续符
  (编译源文件“devices.cc”)
  
E:\Study\codes\bochs\boch\boch\iodev.h(67,1): warning C4010: 单行注释包含行继续符
  (编译源文件“devices.cc”)
  
E:\Study\codes\bochs\boch\boch\iodev.h(68,1): warning C4010: 单行注释包含行继续符
  (编译源文件“devices.cc”)
  
E:\Study\codes\bochs\boch\boch\iodev.h(69,1): warning C4010: 单行注释包含行继续符
  (编译源文件“devices.cc”)
  
E:\Study\codes\bochs\boch\boch\devices.cc(93,11): warning C4101: “argv”: 未引用的局部变量
E:\Study\codes\bochs\boch\boch\devices.cc(92,17): warning C4101: “options”: 未引用的局部变量
E:\Study\codes\bochs\boch\boch\devices.cc(90,17): warning C4101: “argc”: 未引用的局部变量
  dma.cc
E:\Study\codes\bochs\boch\boch\iodev.h(56,1): warning C4010: 单行注释包含行继续符
  (编译源文件“dma.cc”)
  
E:\Study\codes\bochs\boch\boch\iodev.h(57,1): warning C4010: 单行注释包含行继续符
  (编译源文件“dma.cc”)
  
E:\Study\codes\bochs\boch\boch\iodev.h(58,1): warning C4010: 单行注释包含行继续符
  (编译源文件“dma.cc”)
  
E:\Study\codes\bochs\boch\boch\iodev.h(59,1): warning C4010: 单行注释包含行继续符
  (编译源文件“dma.cc”)
  
E:\Study\codes\bochs\boch\boch\iodev.h(60,1): warning C4010: 单行注释包含行继续符
  (编译源文件“dma.cc”)
  
E:\Study\codes\bochs\boch\boch\iodev.h(61,1): warning C4010: 单行注释包含行继续符
  (编译源文件“dma.cc”)
  
E:\Study\codes\bochs\boch\boch\iodev.h(64,1): warning C4010: 单行注释包含行继续符
  (编译源文件“dma.cc”)
  
E:\Study\codes\bochs\boch\boch\iodev.h(65,1): warning C4010: 单行注释包含行继续符
  (编译源文件“dma.cc”)
  
E:\Study\codes\bochs\boch\boch\iodev.h(66,1): warning C4010: 单行注释包含行继续符
  (编译源文件“dma.cc”)
  
E:\Study\codes\bochs\boch\boch\iodev.h(67,1): warning C4010: 单行注释包含行继续符
  (编译源文件“dma.cc”)
  
E:\Study\codes\bochs\boch\boch\iodev.h(68,1): warning C4010: 单行注释包含行继续符
  (编译源文件“dma.cc”)
  
E:\Study\codes\bochs\boch\boch\iodev.h(69,1): warning C4010: 单行注释包含行继续符
  (编译源文件“dma.cc”)
  
  event.cc
E:\Study\codes\bochs\boch\boch\cpu.h(1,1): warning C4819: 该文件包含不能在当前代码页(936)中表示的字符。请将该文件保存为 Unicode 格式以防止数据丢失
  (编译源文件“event.cc”)
  
E:\Study\codes\bochs\boch\boch\cpu.h(851,1): warning C4819: 该文件包含不能在当前代码页(936)中表示的字符。请将该文件保存为 Unicode 格式以防止数据丢失
  (编译源文件“event.cc”)
  
E:\Study\codes\bochs\boch\boch\cpu.h(3979,1): warning C4819: 该文件包含不能在当前代码页(936)中表示的字符。请将该文件保存为 Unicode 格式以防止数据丢失
  (编译源文件“event.cc”)
  
E:\Study\codes\bochs\boch\boch\cpu.h(4370,1): warning C4819: 该文件包含不能在当前代码页(936)中表示的字符。请将该文件保存为 Unicode 格式以防止数据丢失
  (编译源文件“event.cc”)
  
E:\Study\codes\bochs\boch\boch\cpu.h(5011,1): warning C4819: 该文件包含不能在当前代码页(936)中表示的字符。请将该文件保存为 Unicode 格式以防止数据丢失
  (编译源文件“event.cc”)
  
E:\Study\codes\bochs\boch\boch\iodev.h(56,1): warning C4010: 单行注释包含行继续符
  (编译源文件“event.cc”)
  
E:\Study\codes\bochs\boch\boch\iodev.h(57,1): warning C4010: 单行注释包含行继续符
  (编译源文件“event.cc”)
  
E:\Study\codes\bochs\boch\boch\iodev.h(58,1): warning C4010: 单行注释包含行继续符
  (编译源文件“event.cc”)
  
E:\Study\codes\bochs\boch\boch\iodev.h(59,1): warning C4010: 单行注释包含行继续符
  (编译源文件“event.cc”)
  
E:\Study\codes\bochs\boch\boch\iodev.h(60,1): warning C4010: 单行注释包含行继续符
  (编译源文件“event.cc”)
  
E:\Study\codes\bochs\boch\boch\iodev.h(61,1): warning C4010: 单行注释包含行继续符
  (编译源文件“event.cc”)
  
E:\Study\codes\bochs\boch\boch\iodev.h(64,1): warning C4010: 单行注释包含行继续符
  (编译源文件“event.cc”)
  
E:\Study\codes\bochs\boch\boch\iodev.h(65,1): warning C4010: 单行注释包含行继续符
  (编译源文件“event.cc”)
  
E:\Study\codes\bochs\boch\boch\iodev.h(66,1): warning C4010: 单行注释包含行继续符
  (编译源文件“event.cc”)
  
E:\Study\codes\bochs\boch\boch\iodev.h(67,1): warning C4010: 单行注释包含行继续符
  (编译源文件“event.cc”)
  
E:\Study\codes\bochs\boch\boch\iodev.h(68,1): warning C4010: 单行注释包含行继续符
  (编译源文件“event.cc”)
  
E:\Study\codes\bochs\boch\boch\iodev.h(69,1): warning C4010: 单行注释包含行继续符
  (编译源文件“event.cc”)
  
  exception.cc
E:\Study\codes\bochs\boch\boch\cpu.h(1,1): warning C4819: 该文件包含不能在当前代码页(936)中表示的字符。请将该文件保存为 Unicode 格式以防止数据丢失
  (编译源文件“exception.cc”)
  
E:\Study\codes\bochs\boch\boch\cpu.h(851,1): warning C4819: 该文件包含不能在当前代码页(936)中表示的字符。请将该文件保存为 Unicode 格式以防止数据丢失
  (编译源文件“exception.cc”)
  
E:\Study\codes\bochs\boch\boch\cpu.h(3979,1): warning C4819: 该文件包含不能在当前代码页(936)中表示的字符。请将该文件保存为 Unicode 格式以防止数据丢失
  (编译源文件“exception.cc”)
  
E:\Study\codes\bochs\boch\boch\cpu.h(4370,1): warning C4819: 该文件包含不能在当前代码页(936)中表示的字符。请将该文件保存为 Unicode 格式以防止数据丢失
  (编译源文件“exception.cc”)
  
E:\Study\codes\bochs\boch\boch\cpu.h(5011,1): warning C4819: 该文件包含不能在当前代码页(936)中表示的字符。请将该文件保存为 Unicode 格式以防止数据丢失
  (编译源文件“exception.cc”)
  
E:\Study\codes\bochs\boch\boch\iodev.h(56,1): warning C4010: 单行注释包含行继续符
  (编译源文件“exception.cc”)
  
E:\Study\codes\bochs\boch\boch\iodev.h(57,1): warning C4010: 单行注释包含行继续符
  (编译源文件“exception.cc”)
  
E:\Study\codes\bochs\boch\boch\iodev.h(58,1): warning C4010: 单行注释包含行继续符
  (编译源文件“exception.cc”)
  
E:\Study\codes\bochs\boch\boch\iodev.h(59,1): warning C4010: 单行注释包含行继续符
  (编译源文件“exception.cc”)
  
E:\Study\codes\bochs\boch\boch\iodev.h(60,1): warning C4010: 单行注释包含行继续符
  (编译源文件“exception.cc”)
  
E:\Study\codes\bochs\boch\boch\iodev.h(61,1): warning C4010: 单行注释包含行继续符
  (编译源文件“exception.cc”)
  
E:\Study\codes\bochs\boch\boch\iodev.h(64,1): warning C4010: 单行注释包含行继续符
  (编译源文件“exception.cc”)
  
E:\Study\codes\bochs\boch\boch\iodev.h(65,1): warning C4010: 单行注释包含行继续符
  (编译源文件“exception.cc”)
  
E:\Study\codes\bochs\boch\boch\iodev.h(66,1): warning C4010: 单行注释包含行继续符
  (编译源文件“exception.cc”)
  
E:\Study\codes\bochs\boch\boch\iodev.h(67,1): warning C4010: 单行注释包含行继续符
  (编译源文件“exception.cc”)
  
E:\Study\codes\bochs\boch\boch\iodev.h(68,1): warning C4010: 单行注释包含行继续符
  (编译源文件“exception.cc”)
  
E:\Study\codes\bochs\boch\boch\iodev.h(69,1): warning C4010: 单行注释包含行继续符
  (编译源文件“exception.cc”)
  
E:\Study\codes\bochs\boch\boch\exception.cc(237,40): warning C4244: “参数”: 从“Bit64u”转换到“Bit16u”，可能丢失数据
E:\Study\codes\bochs\boch\boch\exception.cc(399,27): warning C4244: “初始化”: 从“bx_address”转换到“Bit32u”，可能丢失数据
  gui.cc
E:\Study\codes\bochs\boch\boch\iodev.h(56,1): warning C4010: 单行注释包含行继续符
  (编译源文件“gui.cc”)
  
E:\Study\codes\bochs\boch\boch\iodev.h(57,1): warning C4010: 单行注释包含行继续符
  (编译源文件“gui.cc”)
  
E:\Study\codes\bochs\boch\boch\iodev.h(58,1): warning C4010: 单行注释包含行继续符
  (编译源文件“gui.cc”)
  
E:\Study\codes\bochs\boch\boch\iodev.h(59,1): warning C4010: 单行注释包含行继续符
  (编译源文件“gui.cc”)
  
E:\Study\codes\bochs\boch\boch\iodev.h(60,1): warning C4010: 单行注释包含行继续符
  (编译源文件“gui.cc”)
  
E:\Study\codes\bochs\boch\boch\iodev.h(61,1): warning C4010: 单行注释包含行继续符
  (编译源文件“gui.cc”)
  
E:\Study\codes\bochs\boch\boch\iodev.h(64,1): warning C4010: 单行注释包含行继续符
  (编译源文件“gui.cc”)
  
E:\Study\codes\bochs\boch\boch\iodev.h(65,1): warning C4010: 单行注释包含行继续符
  (编译源文件“gui.cc”)
  
E:\Study\codes\bochs\boch\boch\iodev.h(66,1): warning C4010: 单行注释包含行继续符
  (编译源文件“gui.cc”)
  
E:\Study\codes\bochs\boch\boch\iodev.h(67,1): warning C4010: 单行注释包含行继续符
  (编译源文件“gui.cc”)
  
E:\Study\codes\bochs\boch\boch\iodev.h(68,1): warning C4010: 单行注释包含行继续符
  (编译源文件“gui.cc”)
  
E:\Study\codes\bochs\boch\boch\iodev.h(69,1): warning C4010: 单行注释包含行继续符
  (编译源文件“gui.cc”)
  
  io.cc
E:\Study\codes\bochs\boch\boch\cpu.h(1,1): warning C4819: 该文件包含不能在当前代码页(936)中表示的字符。请将该文件保存为 Unicode 格式以防止数据丢失
  (编译源文件“io.cc”)
  
E:\Study\codes\bochs\boch\boch\cpu.h(851,1): warning C4819: 该文件包含不能在当前代码页(936)中表示的字符。请将该文件保存为 Unicode 格式以防止数据丢失
  (编译源文件“io.cc”)
  
E:\Study\codes\bochs\boch\boch\cpu.h(3979,1): warning C4819: 该文件包含不能在当前代码页(936)中表示的字符。请将该文件保存为 Unicode 格式以防止数据丢失
  (编译源文件“io.cc”)
  
E:\Study\codes\bochs\boch\boch\cpu.h(4370,1): warning C4819: 该文件包含不能在当前代码页(936)中表示的字符。请将该文件保存为 Unicode 格式以防止数据丢失
  (编译源文件“io.cc”)
  
E:\Study\codes\bochs\boch\boch\cpu.h(5011,1): warning C4819: 该文件包含不能在当前代码页(936)中表示的字符。请将该文件保存为 Unicode 格式以防止数据丢失
  (编译源文件“io.cc”)
  
E:\Study\codes\bochs\boch\boch\iodev.h(56,1): warning C4010: 单行注释包含行继续符
  (编译源文件“io.cc”)
  
E:\Study\codes\bochs\boch\boch\iodev.h(57,1): warning C4010: 单行注释包含行继续符
  (编译源文件“io.cc”)
  
E:\Study\codes\bochs\boch\boch\iodev.h(58,1): warning C4010: 单行注释包含行继续符
  (编译源文件“io.cc”)
  
E:\Study\codes\bochs\boch\boch\iodev.h(59,1): warning C4010: 单行注释包含行继续符
  (编译源文件“io.cc”)
  
E:\Study\codes\bochs\boch\boch\iodev.h(60,1): warning C4010: 单行注释包含行继续符
  (编译源文件“io.cc”)
  
E:\Study\codes\bochs\boch\boch\iodev.h(61,1): warning C4010: 单行注释包含行继续符
  (编译源文件“io.cc”)
  
E:\Study\codes\bochs\boch\boch\iodev.h(64,1): warning C4010: 单行注释包含行继续符
  (编译源文件“io.cc”)
  
E:\Study\codes\bochs\boch\boch\iodev.h(65,1): warning C4010: 单行注释包含行继续符
  (编译源文件“io.cc”)
  
E:\Study\codes\bochs\boch\boch\iodev.h(66,1): warning C4010: 单行注释包含行继续符
  (编译源文件“io.cc”)
  
E:\Study\codes\bochs\boch\boch\iodev.h(67,1): warning C4010: 单行注释包含行继续符
  (编译源文件“io.cc”)
  
E:\Study\codes\bochs\boch\boch\iodev.h(68,1): warning C4010: 单行注释包含行继续符
  (编译源文件“io.cc”)
  
E:\Study\codes\bochs\boch\boch\iodev.h(69,1): warning C4010: 单行注释包含行继续符
  (编译源文件“io.cc”)
  
  keyboard.cc
E:\Study\codes\bochs\boch\boch\iodev.h(56,1): warning C4010: 单行注释包含行继续符
  (编译源文件“keyboard.cc”)
  
E:\Study\codes\bochs\boch\boch\iodev.h(57,1): warning C4010: 单行注释包含行继续符
  (编译源文件“keyboard.cc”)
  
E:\Study\codes\bochs\boch\boch\iodev.h(58,1): warning C4010: 单行注释包含行继续符
  (编译源文件“keyboard.cc”)
  
E:\Study\codes\bochs\boch\boch\iodev.h(59,1): warning C4010: 单行注释包含行继续符
  (编译源文件“keyboard.cc”)
  
E:\Study\codes\bochs\boch\boch\iodev.h(60,1): warning C4010: 单行注释包含行继续符
  (编译源文件“keyboard.cc”)
  
E:\Study\codes\bochs\boch\boch\iodev.h(61,1): warning C4010: 单行注释包含行继续符
  (编译源文件“keyboard.cc”)
  
E:\Study\codes\bochs\boch\boch\iodev.h(64,1): warning C4010: 单行注释包含行继续符
  (编译源文件“keyboard.cc”)
  
E:\Study\codes\bochs\boch\boch\iodev.h(65,1): warning C4010: 单行注释包含行继续符
  (编译源文件“keyboard.cc”)
  
E:\Study\codes\bochs\boch\boch\iodev.h(66,1): warning C4010: 单行注释包含行继续符
  (编译源文件“keyboard.cc”)
  
E:\Study\codes\bochs\boch\boch\iodev.h(67,1): warning C4010: 单行注释包含行继续符
  (编译源文件“keyboard.cc”)
  
E:\Study\codes\bochs\boch\boch\iodev.h(68,1): warning C4010: 单行注释包含行继续符
  (编译源文件“keyboard.cc”)
  
E:\Study\codes\bochs\boch\boch\iodev.h(69,1): warning C4010: 单行注释包含行继续符
  (编译源文件“keyboard.cc”)
  
  main.cpp
E:\Study\codes\bochs\boch\boch\cpu.h(1,1): warning C4819: 该文件包含不能在当前代码页(936)中表示的字符。请将该文件保存为 Unicode 格式以防止数据丢失
  (编译源文件“main.cpp”)
  
E:\Study\codes\bochs\boch\boch\cpu.h(851,1): warning C4819: 该文件包含不能在当前代码页(936)中表示的字符。请将该文件保存为 Unicode 格式以防止数据丢失
  (编译源文件“main.cpp”)
  
E:\Study\codes\bochs\boch\boch\cpu.h(3979,1): warning C4819: 该文件包含不能在当前代码页(936)中表示的字符。请将该文件保存为 Unicode 格式以防止数据丢失
  (编译源文件“main.cpp”)
  
E:\Study\codes\bochs\boch\boch\cpu.h(4370,1): warning C4819: 该文件包含不能在当前代码页(936)中表示的字符。请将该文件保存为 Unicode 格式以防止数据丢失
  (编译源文件“main.cpp”)
  
E:\Study\codes\bochs\boch\boch\cpu.h(5011,1): warning C4819: 该文件包含不能在当前代码页(936)中表示的字符。请将该文件保存为 Unicode 格式以防止数据丢失
  (编译源文件“main.cpp”)
  
E:\Study\codes\bochs\boch\boch\iodev.h(56,1): warning C4010: 单行注释包含行继续符
  (编译源文件“main.cpp”)
  
E:\Study\codes\bochs\boch\boch\iodev.h(57,1): warning C4010: 单行注释包含行继续符
  (编译源文件“main.cpp”)
  
E:\Study\codes\bochs\boch\boch\iodev.h(58,1): warning C4010: 单行注释包含行继续符
  (编译源文件“main.cpp”)
  
E:\Study\codes\bochs\boch\boch\iodev.h(59,1): warning C4010: 单行注释包含行继续符
  (编译源文件“main.cpp”)
  
E:\Study\codes\bochs\boch\boch\iodev.h(60,1): warning C4010: 单行注释包含行继续符
  (编译源文件“main.cpp”)
  
E:\Study\codes\bochs\boch\boch\iodev.h(61,1): warning C4010: 单行注释包含行继续符
  (编译源文件“main.cpp”)
  
E:\Study\codes\bochs\boch\boch\iodev.h(64,1): warning C4010: 单行注释包含行继续符
  (编译源文件“main.cpp”)
  
E:\Study\codes\bochs\boch\boch\iodev.h(65,1): warning C4010: 单行注释包含行继续符
  (编译源文件“main.cpp”)
  
E:\Study\codes\bochs\boch\boch\iodev.h(66,1): warning C4010: 单行注释包含行继续符
  (编译源文件“main.cpp”)
  
E:\Study\codes\bochs\boch\boch\iodev.h(67,1): warning C4010: 单行注释包含行继续符
  (编译源文件“main.cpp”)
  
E:\Study\codes\bochs\boch\boch\iodev.h(68,1): warning C4010: 单行注释包含行继续符
  (编译源文件“main.cpp”)
  
E:\Study\codes\bochs\boch\boch\iodev.h(69,1): warning C4010: 单行注释包含行继续符
  (编译源文件“main.cpp”)
  
E:\Study\codes\bochs\boch\boch\main.cpp(45,13): warning C4101: “base”: 未引用的局部变量
E:\Study\codes\bochs\boch\boch\main.cpp(44,7): warning C4101: “pname”: 未引用的局部变量
E:\Study\codes\bochs\boch\boch\main.cpp(43,6): warning C4101: “i”: 未引用的局部变量
E:\Study\codes\bochs\boch\boch\main.cpp(46,7): warning C4101: “buffer”: 未引用的局部变量
  memory.cc
E:\Study\codes\bochs\boch\boch\cpu.h(1,1): warning C4819: 该文件包含不能在当前代码页(936)中表示的字符。请将该文件保存为 Unicode 格式以防止数据丢失
  (编译源文件“memory.cc”)
  
E:\Study\codes\bochs\boch\boch\cpu.h(851,1): warning C4819: 该文件包含不能在当前代码页(936)中表示的字符。请将该文件保存为 Unicode 格式以防止数据丢失
  (编译源文件“memory.cc”)
  
E:\Study\codes\bochs\boch\boch\cpu.h(3979,1): warning C4819: 该文件包含不能在当前代码页(936)中表示的字符。请将该文件保存为 Unicode 格式以防止数据丢失
  (编译源文件“memory.cc”)
  
E:\Study\codes\bochs\boch\boch\cpu.h(4370,1): warning C4819: 该文件包含不能在当前代码页(936)中表示的字符。请将该文件保存为 Unicode 格式以防止数据丢失
  (编译源文件“memory.cc”)
  
E:\Study\codes\bochs\boch\boch\cpu.h(5011,1): warning C4819: 该文件包含不能在当前代码页(936)中表示的字符。请将该文件保存为 Unicode 格式以防止数据丢失
  (编译源文件“memory.cc”)
  
E:\Study\codes\bochs\boch\boch\iodev.h(56,1): warning C4010: 单行注释包含行继续符
  (编译源文件“memory.cc”)
  
E:\Study\codes\bochs\boch\boch\iodev.h(57,1): warning C4010: 单行注释包含行继续符
  (编译源文件“memory.cc”)
  
E:\Study\codes\bochs\boch\boch\iodev.h(58,1): warning C4010: 单行注释包含行继续符
  (编译源文件“memory.cc”)
  
E:\Study\codes\bochs\boch\boch\iodev.h(59,1): warning C4010: 单行注释包含行继续符
  (编译源文件“memory.cc”)
  
E:\Study\codes\bochs\boch\boch\iodev.h(60,1): warning C4010: 单行注释包含行继续符
  (编译源文件“memory.cc”)
  
E:\Study\codes\bochs\boch\boch\iodev.h(61,1): warning C4010: 单行注释包含行继续符
  (编译源文件“memory.cc”)
  
E:\Study\codes\bochs\boch\boch\iodev.h(64,1): warning C4010: 单行注释包含行继续符
  (编译源文件“memory.cc”)
  
E:\Study\codes\bochs\boch\boch\iodev.h(65,1): warning C4010: 单行注释包含行继续符
  (编译源文件“memory.cc”)
  
E:\Study\codes\bochs\boch\boch\iodev.h(66,1): warning C4010: 单行注释包含行继续符
  (编译源文件“memory.cc”)
  
E:\Study\codes\bochs\boch\boch\iodev.h(67,1): warning C4010: 单行注释包含行继续符
  (编译源文件“memory.cc”)
  
E:\Study\codes\bochs\boch\boch\iodev.h(68,1): warning C4010: 单行注释包含行继续符
  (编译源文件“memory.cc”)
  
E:\Study\codes\bochs\boch\boch\iodev.h(69,1): warning C4010: 单行注释包含行继续符
  (编译源文件“memory.cc”)
  
  misc_mem.cc
E:\Study\codes\bochs\boch\boch\cpu.h(1,1): warning C4819: 该文件包含不能在当前代码页(936)中表示的字符。请将该文件保存为 Unicode 格式以防止数据丢失
  (编译源文件“misc_mem.cc”)
  
E:\Study\codes\bochs\boch\boch\cpu.h(851,1): warning C4819: 该文件包含不能在当前代码页(936)中表示的字符。请将该文件保存为 Unicode 格式以防止数据丢失
  (编译源文件“misc_mem.cc”)
  
E:\Study\codes\bochs\boch\boch\cpu.h(3979,1): warning C4819: 该文件包含不能在当前代码页(936)中表示的字符。请将该文件保存为 Unicode 格式以防止数据丢失
  (编译源文件“misc_mem.cc”)
  
E:\Study\codes\bochs\boch\boch\cpu.h(4370,1): warning C4819: 该文件包含不能在当前代码页(936)中表示的字符。请将该文件保存为 Unicode 格式以防止数据丢失
  (编译源文件“misc_mem.cc”)
  
E:\Study\codes\bochs\boch\boch\cpu.h(5011,1): warning C4819: 该文件包含不能在当前代码页(936)中表示的字符。请将该文件保存为 Unicode 格式以防止数据丢失
  (编译源文件“misc_mem.cc”)
  
E:\Study\codes\bochs\boch\boch\iodev.h(56,1): warning C4010: 单行注释包含行继续符
  (编译源文件“misc_mem.cc”)
  
E:\Study\codes\bochs\boch\boch\iodev.h(57,1): warning C4010: 单行注释包含行继续符
  (编译源文件“misc_mem.cc”)
  
E:\Study\codes\bochs\boch\boch\iodev.h(58,1): warning C4010: 单行注释包含行继续符
  (编译源文件“misc_mem.cc”)
  
E:\Study\codes\bochs\boch\boch\iodev.h(59,1): warning C4010: 单行注释包含行继续符
  (编译源文件“misc_mem.cc”)
  
E:\Study\codes\bochs\boch\boch\iodev.h(60,1): warning C4010: 单行注释包含行继续符
  (编译源文件“misc_mem.cc”)
  
E:\Study\codes\bochs\boch\boch\iodev.h(61,1): warning C4010: 单行注释包含行继续符
  (编译源文件“misc_mem.cc”)
  
E:\Study\codes\bochs\boch\boch\iodev.h(64,1): warning C4010: 单行注释包含行继续符
  (编译源文件“misc_mem.cc”)
  
E:\Study\codes\bochs\boch\boch\iodev.h(65,1): warning C4010: 单行注释包含行继续符
  (编译源文件“misc_mem.cc”)
  
E:\Study\codes\bochs\boch\boch\iodev.h(66,1): warning C4010: 单行注释包含行继续符
  (编译源文件“misc_mem.cc”)
  
E:\Study\codes\bochs\boch\boch\iodev.h(67,1): warning C4010: 单行注释包含行继续符
  (编译源文件“misc_mem.cc”)
  
E:\Study\codes\bochs\boch\boch\iodev.h(68,1): warning C4010: 单行注释包含行继续符
  (编译源文件“misc_mem.cc”)
  
E:\Study\codes\bochs\boch\boch\iodev.h(69,1): warning C4010: 单行注释包含行继续符
  (编译源文件“misc_mem.cc”)
  
E:\Study\codes\bochs\boch\boch\misc_mem.cc(161,17): warning C4319: “~”: 将“unsigned long”扩展到更大的“bx_phy_address”时为零
  myinst.cc
E:\Study\codes\bochs\boch\boch\cpu.h(1,1): warning C4819: 该文件包含不能在当前代码页(936)中表示的字符。请将该文件保存为 Unicode 格式以防止数据丢失
  (编译源文件“myinst.cc”)
  
E:\Study\codes\bochs\boch\boch\cpu.h(851,1): warning C4819: 该文件包含不能在当前代码页(936)中表示的字符。请将该文件保存为 Unicode 格式以防止数据丢失
  (编译源文件“myinst.cc”)
  
E:\Study\codes\bochs\boch\boch\cpu.h(3979,1): warning C4819: 该文件包含不能在当前代码页(936)中表示的字符。请将该文件保存为 Unicode 格式以防止数据丢失
  (编译源文件“myinst.cc”)
  
E:\Study\codes\bochs\boch\boch\cpu.h(4370,1): warning C4819: 该文件包含不能在当前代码页(936)中表示的字符。请将该文件保存为 Unicode 格式以防止数据丢失
  (编译源文件“myinst.cc”)
  
E:\Study\codes\bochs\boch\boch\cpu.h(5011,1): warning C4819: 该文件包含不能在当前代码页(936)中表示的字符。请将该文件保存为 Unicode 格式以防止数据丢失
  (编译源文件“myinst.cc”)
  
E:\Study\codes\bochs\boch\boch\iodev.h(56,1): warning C4010: 单行注释包含行继续符
  (编译源文件“myinst.cc”)
  
E:\Study\codes\bochs\boch\boch\iodev.h(57,1): warning C4010: 单行注释包含行继续符
  (编译源文件“myinst.cc”)
  
E:\Study\codes\bochs\boch\boch\iodev.h(58,1): warning C4010: 单行注释包含行继续符
  (编译源文件“myinst.cc”)
  
E:\Study\codes\bochs\boch\boch\iodev.h(59,1): warning C4010: 单行注释包含行继续符
  (编译源文件“myinst.cc”)
  
E:\Study\codes\bochs\boch\boch\iodev.h(60,1): warning C4010: 单行注释包含行继续符
  (编译源文件“myinst.cc”)
  
E:\Study\codes\bochs\boch\boch\iodev.h(61,1): warning C4010: 单行注释包含行继续符
  (编译源文件“myinst.cc”)
  
E:\Study\codes\bochs\boch\boch\iodev.h(64,1): warning C4010: 单行注释包含行继续符
  (编译源文件“myinst.cc”)
  
E:\Study\codes\bochs\boch\boch\iodev.h(65,1): warning C4010: 单行注释包含行继续符
  (编译源文件“myinst.cc”)
  
E:\Study\codes\bochs\boch\boch\iodev.h(66,1): warning C4010: 单行注释包含行继续符
  (编译源文件“myinst.cc”)
  
E:\Study\codes\bochs\boch\boch\iodev.h(67,1): warning C4010: 单行注释包含行继续符
  (编译源文件“myinst.cc”)
  
E:\Study\codes\bochs\boch\boch\iodev.h(68,1): warning C4010: 单行注释包含行继续符
  (编译源文件“myinst.cc”)
  
E:\Study\codes\bochs\boch\boch\iodev.h(69,1): warning C4010: 单行注释包含行继续符
  (编译源文件“myinst.cc”)
  
  parallel.cc
E:\Study\codes\bochs\boch\boch\iodev.h(56,1): warning C4010: 单行注释包含行继续符
  (编译源文件“parallel.cc”)
  
E:\Study\codes\bochs\boch\boch\iodev.h(57,1): warning C4010: 单行注释包含行继续符
  (编译源文件“parallel.cc”)
  
E:\Study\codes\bochs\boch\boch\iodev.h(58,1): warning C4010: 单行注释包含行继续符
  (编译源文件“parallel.cc”)
  
E:\Study\codes\bochs\boch\boch\iodev.h(59,1): warning C4010: 单行注释包含行继续符
  (编译源文件“parallel.cc”)
  
E:\Study\codes\bochs\boch\boch\iodev.h(60,1): warning C4010: 单行注释包含行继续符
  (编译源文件“parallel.cc”)
  
E:\Study\codes\bochs\boch\boch\iodev.h(61,1): warning C4010: 单行注释包含行继续符
  (编译源文件“parallel.cc”)
  
E:\Study\codes\bochs\boch\boch\iodev.h(64,1): warning C4010: 单行注释包含行继续符
  (编译源文件“parallel.cc”)
  
E:\Study\codes\bochs\boch\boch\iodev.h(65,1): warning C4010: 单行注释包含行继续符
  (编译源文件“parallel.cc”)
  
E:\Study\codes\bochs\boch\boch\iodev.h(66,1): warning C4010: 单行注释包含行继续符
  (编译源文件“parallel.cc”)
  
E:\Study\codes\bochs\boch\boch\iodev.h(67,1): warning C4010: 单行注释包含行继续符
  (编译源文件“parallel.cc”)
  
E:\Study\codes\bochs\boch\boch\iodev.h(68,1): warning C4010: 单行注释包含行继续符
  (编译源文件“parallel.cc”)
  
E:\Study\codes\bochs\boch\boch\iodev.h(69,1): warning C4010: 单行注释包含行继续符
  (编译源文件“parallel.cc”)
  
  pci.cc
E:\Study\codes\bochs\boch\boch\iodev.h(56,1): warning C4010: 单行注释包含行继续符
  (编译源文件“pci.cc”)
  
E:\Study\codes\bochs\boch\boch\iodev.h(57,1): warning C4010: 单行注释包含行继续符
  (编译源文件“pci.cc”)
  
E:\Study\codes\bochs\boch\boch\iodev.h(58,1): warning C4010: 单行注释包含行继续符
  (编译源文件“pci.cc”)
  
E:\Study\codes\bochs\boch\boch\iodev.h(59,1): warning C4010: 单行注释包含行继续符
  (编译源文件“pci.cc”)
  
E:\Study\codes\bochs\boch\boch\iodev.h(60,1): warning C4010: 单行注释包含行继续符
  (编译源文件“pci.cc”)
  
E:\Study\codes\bochs\boch\boch\iodev.h(61,1): warning C4010: 单行注释包含行继续符
  (编译源文件“pci.cc”)
  
E:\Study\codes\bochs\boch\boch\iodev.h(64,1): warning C4010: 单行注释包含行继续符
  (编译源文件“pci.cc”)
  
E:\Study\codes\bochs\boch\boch\iodev.h(65,1): warning C4010: 单行注释包含行继续符
  (编译源文件“pci.cc”)
  
E:\Study\codes\bochs\boch\boch\iodev.h(66,1): warning C4010: 单行注释包含行继续符
  (编译源文件“pci.cc”)
  
E:\Study\codes\bochs\boch\boch\iodev.h(67,1): warning C4010: 单行注释包含行继续符
  (编译源文件“pci.cc”)
  
E:\Study\codes\bochs\boch\boch\iodev.h(68,1): warning C4010: 单行注释包含行继续符
  (编译源文件“pci.cc”)
  
E:\Study\codes\bochs\boch\boch\iodev.h(69,1): warning C4010: 单行注释包含行继续符
  (编译源文件“pci.cc”)
  
E:\Study\codes\bochs\boch\boch\pci.cc(95,55): warning C4244: “=”: 从“Bit64u”转换到“Bit32u”，可能丢失数据
  pc_system.cc
E:\Study\codes\bochs\boch\boch\cpu.h(1,1): warning C4819: 该文件包含不能在当前代码页(936)中表示的字符。请将该文件保存为 Unicode 格式以防止数据丢失
  (编译源文件“pc_system.cc”)
  
E:\Study\codes\bochs\boch\boch\cpu.h(851,1): warning C4819: 该文件包含不能在当前代码页(936)中表示的字符。请将该文件保存为 Unicode 格式以防止数据丢失
  (编译源文件“pc_system.cc”)
  
E:\Study\codes\bochs\boch\boch\cpu.h(3979,1): warning C4819: 该文件包含不能在当前代码页(936)中表示的字符。请将该文件保存为 Unicode 格式以防止数据丢失
  (编译源文件“pc_system.cc”)
  
E:\Study\codes\bochs\boch\boch\cpu.h(4370,1): warning C4819: 该文件包含不能在当前代码页(936)中表示的字符。请将该文件保存为 Unicode 格式以防止数据丢失
  (编译源文件“pc_system.cc”)
  
E:\Study\codes\bochs\boch\boch\cpu.h(5011,1): warning C4819: 该文件包含不能在当前代码页(936)中表示的字符。请将该文件保存为 Unicode 格式以防止数据丢失
  (编译源文件“pc_system.cc”)
  
E:\Study\codes\bochs\boch\boch\iodev.h(56,1): warning C4010: 单行注释包含行继续符
  (编译源文件“pc_system.cc”)
  
E:\Study\codes\bochs\boch\boch\iodev.h(57,1): warning C4010: 单行注释包含行继续符
  (编译源文件“pc_system.cc”)
  
E:\Study\codes\bochs\boch\boch\iodev.h(58,1): warning C4010: 单行注释包含行继续符
  (编译源文件“pc_system.cc”)
  
E:\Study\codes\bochs\boch\boch\iodev.h(59,1): warning C4010: 单行注释包含行继续符
  (编译源文件“pc_system.cc”)
  
E:\Study\codes\bochs\boch\boch\iodev.h(60,1): warning C4010: 单行注释包含行继续符
  (编译源文件“pc_system.cc”)
  
E:\Study\codes\bochs\boch\boch\iodev.h(61,1): warning C4010: 单行注释包含行继续符
  (编译源文件“pc_system.cc”)
  
E:\Study\codes\bochs\boch\boch\iodev.h(64,1): warning C4010: 单行注释包含行继续符
  (编译源文件“pc_system.cc”)
  
E:\Study\codes\bochs\boch\boch\iodev.h(65,1): warning C4010: 单行注释包含行继续符
  (编译源文件“pc_system.cc”)
  
E:\Study\codes\bochs\boch\boch\iodev.h(66,1): warning C4010: 单行注释包含行继续符
  (编译源文件“pc_system.cc”)
  
E:\Study\codes\bochs\boch\boch\iodev.h(67,1): warning C4010: 单行注释包含行继续符
  (编译源文件“pc_system.cc”)
  
E:\Study\codes\bochs\boch\boch\iodev.h(68,1): warning C4010: 单行注释包含行继续符
  (编译源文件“pc_system.cc”)
  
E:\Study\codes\bochs\boch\boch\iodev.h(69,1): warning C4010: 单行注释包含行继续符
  (编译源文件“pc_system.cc”)
  
  pic.cc
E:\Study\codes\bochs\boch\boch\iodev.h(56,1): warning C4010: 单行注释包含行继续符
  (编译源文件“pic.cc”)
  
E:\Study\codes\bochs\boch\boch\iodev.h(57,1): warning C4010: 单行注释包含行继续符
  (编译源文件“pic.cc”)
  
E:\Study\codes\bochs\boch\boch\iodev.h(58,1): warning C4010: 单行注释包含行继续符
  (编译源文件“pic.cc”)
  
E:\Study\codes\bochs\boch\boch\iodev.h(59,1): warning C4010: 单行注释包含行继续符
  (编译源文件“pic.cc”)
  
E:\Study\codes\bochs\boch\boch\iodev.h(60,1): warning C4010: 单行注释包含行继续符
  (编译源文件“pic.cc”)
  
E:\Study\codes\bochs\boch\boch\iodev.h(61,1): warning C4010: 单行注释包含行继续符
  (编译源文件“pic.cc”)
  
E:\Study\codes\bochs\boch\boch\iodev.h(64,1): warning C4010: 单行注释包含行继续符
  (编译源文件“pic.cc”)
  
E:\Study\codes\bochs\boch\boch\iodev.h(65,1): warning C4010: 单行注释包含行继续符
  (编译源文件“pic.cc”)
  
E:\Study\codes\bochs\boch\boch\iodev.h(66,1): warning C4010: 单行注释包含行继续符
  (编译源文件“pic.cc”)
  
E:\Study\codes\bochs\boch\boch\iodev.h(67,1): warning C4010: 单行注释包含行继续符
  (编译源文件“pic.cc”)
  
E:\Study\codes\bochs\boch\boch\iodev.h(68,1): warning C4010: 单行注释包含行继续符
  (编译源文件“pic.cc”)
  
E:\Study\codes\bochs\boch\boch\iodev.h(69,1): warning C4010: 单行注释包含行继续符
  (编译源文件“pic.cc”)
  
  pit.cc
E:\Study\codes\bochs\boch\boch\iodev.h(56,1): warning C4010: 单行注释包含行继续符
  (编译源文件“pit.cc”)
  
E:\Study\codes\bochs\boch\boch\iodev.h(57,1): warning C4010: 单行注释包含行继续符
  (编译源文件“pit.cc”)
  
E:\Study\codes\bochs\boch\boch\iodev.h(58,1): warning C4010: 单行注释包含行继续符
  (编译源文件“pit.cc”)
  
E:\Study\codes\bochs\boch\boch\iodev.h(59,1): warning C4010: 单行注释包含行继续符
  (编译源文件“pit.cc”)
  
E:\Study\codes\bochs\boch\boch\iodev.h(60,1): warning C4010: 单行注释包含行继续符
  (编译源文件“pit.cc”)
  
E:\Study\codes\bochs\boch\boch\iodev.h(61,1): warning C4010: 单行注释包含行继续符
  (编译源文件“pit.cc”)
  
E:\Study\codes\bochs\boch\boch\iodev.h(64,1): warning C4010: 单行注释包含行继续符
  (编译源文件“pit.cc”)
  
E:\Study\codes\bochs\boch\boch\iodev.h(65,1): warning C4010: 单行注释包含行继续符
  (编译源文件“pit.cc”)
  
E:\Study\codes\bochs\boch\boch\iodev.h(66,1): warning C4010: 单行注释包含行继续符
  (编译源文件“pit.cc”)
  
E:\Study\codes\bochs\boch\boch\iodev.h(67,1): warning C4010: 单行注释包含行继续符
  (编译源文件“pit.cc”)
  
E:\Study\codes\bochs\boch\boch\iodev.h(68,1): warning C4010: 单行注释包含行继续符
  (编译源文件“pit.cc”)
  
E:\Study\codes\bochs\boch\boch\iodev.h(69,1): warning C4010: 单行注释包含行继续符
  (编译源文件“pit.cc”)
  
  正在生成代码...
  正在编译...
  pit82c54.cc
E:\Study\codes\bochs\boch\boch\iodev.h(56,1): warning C4010: 单行注释包含行继续符
  (编译源文件“pit82c54.cc”)
  
E:\Study\codes\bochs\boch\boch\iodev.h(57,1): warning C4010: 单行注释包含行继续符
  (编译源文件“pit82c54.cc”)
  
E:\Study\codes\bochs\boch\boch\iodev.h(58,1): warning C4010: 单行注释包含行继续符
  (编译源文件“pit82c54.cc”)
  
E:\Study\codes\bochs\boch\boch\iodev.h(59,1): warning C4010: 单行注释包含行继续符
  (编译源文件“pit82c54.cc”)
  
E:\Study\codes\bochs\boch\boch\iodev.h(60,1): warning C4010: 单行注释包含行继续符
  (编译源文件“pit82c54.cc”)
  
E:\Study\codes\bochs\boch\boch\iodev.h(61,1): warning C4010: 单行注释包含行继续符
  (编译源文件“pit82c54.cc”)
  
E:\Study\codes\bochs\boch\boch\iodev.h(64,1): warning C4010: 单行注释包含行继续符
  (编译源文件“pit82c54.cc”)
  
E:\Study\codes\bochs\boch\boch\iodev.h(65,1): warning C4010: 单行注释包含行继续符
  (编译源文件“pit82c54.cc”)
  
E:\Study\codes\bochs\boch\boch\iodev.h(66,1): warning C4010: 单行注释包含行继续符
  (编译源文件“pit82c54.cc”)
  
E:\Study\codes\bochs\boch\boch\iodev.h(67,1): warning C4010: 单行注释包含行继续符
  (编译源文件“pit82c54.cc”)
  
E:\Study\codes\bochs\boch\boch\iodev.h(68,1): warning C4010: 单行注释包含行继续符
  (编译源文件“pit82c54.cc”)
  
E:\Study\codes\bochs\boch\boch\iodev.h(69,1): warning C4010: 单行注释包含行继续符
  (编译源文件“pit82c54.cc”)
  
  plugin.cc
E:\Study\codes\bochs\boch\boch\iodev.h(56,1): warning C4010: 单行注释包含行继续符
  (编译源文件“plugin.cc”)
  
E:\Study\codes\bochs\boch\boch\iodev.h(57,1): warning C4010: 单行注释包含行继续符
  (编译源文件“plugin.cc”)
  
E:\Study\codes\bochs\boch\boch\iodev.h(58,1): warning C4010: 单行注释包含行继续符
  (编译源文件“plugin.cc”)
  
E:\Study\codes\bochs\boch\boch\iodev.h(59,1): warning C4010: 单行注释包含行继续符
  (编译源文件“plugin.cc”)
  
E:\Study\codes\bochs\boch\boch\iodev.h(60,1): warning C4010: 单行注释包含行继续符
  (编译源文件“plugin.cc”)
  
E:\Study\codes\bochs\boch\boch\iodev.h(61,1): warning C4010: 单行注释包含行继续符
  (编译源文件“plugin.cc”)
  
E:\Study\codes\bochs\boch\boch\iodev.h(64,1): warning C4010: 单行注释包含行继续符
  (编译源文件“plugin.cc”)
  
E:\Study\codes\bochs\boch\boch\iodev.h(65,1): warning C4010: 单行注释包含行继续符
  (编译源文件“plugin.cc”)
  
E:\Study\codes\bochs\boch\boch\iodev.h(66,1): warning C4010: 单行注释包含行继续符
  (编译源文件“plugin.cc”)
  
E:\Study\codes\bochs\boch\boch\iodev.h(67,1): warning C4010: 单行注释包含行继续符
  (编译源文件“plugin.cc”)
  
E:\Study\codes\bochs\boch\boch\iodev.h(68,1): warning C4010: 单行注释包含行继续符
  (编译源文件“plugin.cc”)
  
E:\Study\codes\bochs\boch\boch\iodev.h(69,1): warning C4010: 单行注释包含行继续符
  (编译源文件“plugin.cc”)
  
  serial.cc
E:\Study\codes\bochs\boch\boch\iodev.h(56,1): warning C4010: 单行注释包含行继续符
  (编译源文件“serial.cc”)
  
E:\Study\codes\bochs\boch\boch\iodev.h(57,1): warning C4010: 单行注释包含行继续符
  (编译源文件“serial.cc”)
  
E:\Study\codes\bochs\boch\boch\iodev.h(58,1): warning C4010: 单行注释包含行继续符
  (编译源文件“serial.cc”)
  
E:\Study\codes\bochs\boch\boch\iodev.h(59,1): warning C4010: 单行注释包含行继续符
  (编译源文件“serial.cc”)
  
E:\Study\codes\bochs\boch\boch\iodev.h(60,1): warning C4010: 单行注释包含行继续符
  (编译源文件“serial.cc”)
  
E:\Study\codes\bochs\boch\boch\iodev.h(61,1): warning C4010: 单行注释包含行继续符
  (编译源文件“serial.cc”)
  
E:\Study\codes\bochs\boch\boch\iodev.h(64,1): warning C4010: 单行注释包含行继续符
  (编译源文件“serial.cc”)
  
E:\Study\codes\bochs\boch\boch\iodev.h(65,1): warning C4010: 单行注释包含行继续符
  (编译源文件“serial.cc”)
  
E:\Study\codes\bochs\boch\boch\iodev.h(66,1): warning C4010: 单行注释包含行继续符
  (编译源文件“serial.cc”)
  
E:\Study\codes\bochs\boch\boch\iodev.h(67,1): warning C4010: 单行注释包含行继续符
  (编译源文件“serial.cc”)
  
E:\Study\codes\bochs\boch\boch\iodev.h(68,1): warning C4010: 单行注释包含行继续符
  (编译源文件“serial.cc”)
  
E:\Study\codes\bochs\boch\boch\iodev.h(69,1): warning C4010: 单行注释包含行继续符
  (编译源文件“serial.cc”)
  
E:\Study\codes\bochs\boch\boch\serial.cc(42,30): warning C4101: “descr”: 未引用的局部变量
E:\Study\codes\bochs\boch\boch\serial.cc(42,10): warning C4101: “name”: 未引用的局部变量
E:\Study\codes\bochs\boch\boch\serial.cc(42,19): warning C4101: “label”: 未引用的局部变量
E:\Study\codes\bochs\boch\boch\serial.cc(121,16): warning C4101: “base”: 未引用的局部变量
E:\Study\codes\bochs\boch\boch\serial.cc(120,10): warning C4101: “pname”: 未引用的局部变量
  speaker.cc
E:\Study\codes\bochs\boch\boch\iodev.h(56,1): warning C4010: 单行注释包含行继续符
  (编译源文件“speaker.cc”)
  
E:\Study\codes\bochs\boch\boch\iodev.h(57,1): warning C4010: 单行注释包含行继续符
  (编译源文件“speaker.cc”)
  
E:\Study\codes\bochs\boch\boch\iodev.h(58,1): warning C4010: 单行注释包含行继续符
  (编译源文件“speaker.cc”)
  
E:\Study\codes\bochs\boch\boch\iodev.h(59,1): warning C4010: 单行注释包含行继续符
  (编译源文件“speaker.cc”)
  
E:\Study\codes\bochs\boch\boch\iodev.h(60,1): warning C4010: 单行注释包含行继续符
  (编译源文件“speaker.cc”)
  
E:\Study\codes\bochs\boch\boch\iodev.h(61,1): warning C4010: 单行注释包含行继续符
  (编译源文件“speaker.cc”)
  
E:\Study\codes\bochs\boch\boch\iodev.h(64,1): warning C4010: 单行注释包含行继续符
  (编译源文件“speaker.cc”)
  
E:\Study\codes\bochs\boch\boch\iodev.h(65,1): warning C4010: 单行注释包含行继续符
  (编译源文件“speaker.cc”)
  
E:\Study\codes\bochs\boch\boch\iodev.h(66,1): warning C4010: 单行注释包含行继续符
  (编译源文件“speaker.cc”)
  
E:\Study\codes\bochs\boch\boch\iodev.h(67,1): warning C4010: 单行注释包含行继续符
  (编译源文件“speaker.cc”)
  
E:\Study\codes\bochs\boch\boch\iodev.h(68,1): warning C4010: 单行注释包含行继续符
  (编译源文件“speaker.cc”)
  
E:\Study\codes\bochs\boch\boch\iodev.h(69,1): warning C4010: 单行注释包含行继续符
  (编译源文件“speaker.cc”)
  
  unmapped.cc
E:\Study\codes\bochs\boch\boch\iodev.h(56,1): warning C4010: 单行注释包含行继续符
  (编译源文件“unmapped.cc”)
  
E:\Study\codes\bochs\boch\boch\iodev.h(57,1): warning C4010: 单行注释包含行继续符
  (编译源文件“unmapped.cc”)
  
E:\Study\codes\bochs\boch\boch\iodev.h(58,1): warning C4010: 单行注释包含行继续符
  (编译源文件“unmapped.cc”)
  
E:\Study\codes\bochs\boch\boch\iodev.h(59,1): warning C4010: 单行注释包含行继续符
  (编译源文件“unmapped.cc”)
  
E:\Study\codes\bochs\boch\boch\iodev.h(60,1): warning C4010: 单行注释包含行继续符
  (编译源文件“unmapped.cc”)
  
E:\Study\codes\bochs\boch\boch\iodev.h(61,1): warning C4010: 单行注释包含行继续符
  (编译源文件“unmapped.cc”)
  
E:\Study\codes\bochs\boch\boch\iodev.h(64,1): warning C4010: 单行注释包含行继续符
  (编译源文件“unmapped.cc”)
  
E:\Study\codes\bochs\boch\boch\iodev.h(65,1): warning C4010: 单行注释包含行继续符
  (编译源文件“unmapped.cc”)
  
E:\Study\codes\bochs\boch\boch\iodev.h(66,1): warning C4010: 单行注释包含行继续符
  (编译源文件“unmapped.cc”)
  
E:\Study\codes\bochs\boch\boch\iodev.h(67,1): warning C4010: 单行注释包含行继续符
  (编译源文件“unmapped.cc”)
  
E:\Study\codes\bochs\boch\boch\iodev.h(68,1): warning C4010: 单行注释包含行继续符
  (编译源文件“unmapped.cc”)
  
E:\Study\codes\bochs\boch\boch\iodev.h(69,1): warning C4010: 单行注释包含行继续符
  (编译源文件“unmapped.cc”)
  
  vmx.cc
E:\Study\codes\bochs\boch\boch\cpu.h(1,1): warning C4819: 该文件包含不能在当前代码页(936)中表示的字符。请将该文件保存为 Unicode 格式以防止数据丢失
  (编译源文件“vmx.cc”)
  
E:\Study\codes\bochs\boch\boch\cpu.h(851,1): warning C4819: 该文件包含不能在当前代码页(936)中表示的字符。请将该文件保存为 Unicode 格式以防止数据丢失
  (编译源文件“vmx.cc”)
  
E:\Study\codes\bochs\boch\boch\cpu.h(3979,1): warning C4819: 该文件包含不能在当前代码页(936)中表示的字符。请将该文件保存为 Unicode 格式以防止数据丢失
  (编译源文件“vmx.cc”)
  
E:\Study\codes\bochs\boch\boch\cpu.h(4370,1): warning C4819: 该文件包含不能在当前代码页(936)中表示的字符。请将该文件保存为 Unicode 格式以防止数据丢失
  (编译源文件“vmx.cc”)
  
E:\Study\codes\bochs\boch\boch\cpu.h(5011,1): warning C4819: 该文件包含不能在当前代码页(936)中表示的字符。请将该文件保存为 Unicode 格式以防止数据丢失
  (编译源文件“vmx.cc”)
  
E:\Study\codes\bochs\boch\boch\iodev.h(56,1): warning C4010: 单行注释包含行继续符
  (编译源文件“vmx.cc”)
  
E:\Study\codes\bochs\boch\boch\iodev.h(57,1): warning C4010: 单行注释包含行继续符
  (编译源文件“vmx.cc”)
  
E:\Study\codes\bochs\boch\boch\iodev.h(58,1): warning C4010: 单行注释包含行继续符
  (编译源文件“vmx.cc”)
  
E:\Study\codes\bochs\boch\boch\iodev.h(59,1): warning C4010: 单行注释包含行继续符
  (编译源文件“vmx.cc”)
  
E:\Study\codes\bochs\boch\boch\iodev.h(60,1): warning C4010: 单行注释包含行继续符
  (编译源文件“vmx.cc”)
  
E:\Study\codes\bochs\boch\boch\iodev.h(61,1): warning C4010: 单行注释包含行继续符
  (编译源文件“vmx.cc”)
  
E:\Study\codes\bochs\boch\boch\iodev.h(64,1): warning C4010: 单行注释包含行继续符
  (编译源文件“vmx.cc”)
  
E:\Study\codes\bochs\boch\boch\iodev.h(65,1): warning C4010: 单行注释包含行继续符
  (编译源文件“vmx.cc”)
  
E:\Study\codes\bochs\boch\boch\iodev.h(66,1): warning C4010: 单行注释包含行继续符
  (编译源文件“vmx.cc”)
  
E:\Study\codes\bochs\boch\boch\iodev.h(67,1): warning C4010: 单行注释包含行继续符
  (编译源文件“vmx.cc”)
  
E:\Study\codes\bochs\boch\boch\iodev.h(68,1): warning C4010: 单行注释包含行继续符
  (编译源文件“vmx.cc”)
  
E:\Study\codes\bochs\boch\boch\iodev.h(69,1): warning C4010: 单行注释包含行继续符
  (编译源文件“vmx.cc”)
  
E:\Study\codes\bochs\boch\boch\vmx.cc(1179,51): warning C4244: “=”: 从“Bit64u”转换到“Bit32u”，可能丢失数据
E:\Study\codes\bochs\boch\boch\vmx.cc(1629,56): warning C4244: “=”: 从“Bit64u”转换到“Bit32u”，可能丢失数据
  正在生成代码...
  boch.vcxproj -> E:\Study\codes\bochs\boch\x64\Debug\boch.exe
